============================= test session starts ==============================
platform linux -- Python 3.14.3, pytest-9.0.2, pluggy-1.6.0 -- /usr/bin/python
cachedir: .pytest_cache
rootdir: /home/me/Notebooks/CREW/Crew
configfile: setup.cfg
plugins: mock-3.15.1, cov-7.0.0
collecting ... collected 213 items

CREW/Crew/tests/test_auto_import.py::TestAutoImport::test_if_module_can_be_imported_dynamically PASSED [  0%]
CREW/Crew/tests/test_auto_import.py::TestAutoImport::test_ide_auto_import_suggestion PASSED [  0%]
CREW/Crew/tests/test_basic.py::TestBasicApp::test_configuration_files PASSED [  1%]
CREW/Crew/tests/test_basic.py::TestBasicApp::test_constants_accessible PASSED [  1%]
CREW/Crew/tests/test_basic.py::TestBasicApp::test_core_files_exist PASSED [  2%]
CREW/Crew/tests/test_basic.py::TestBasicApp::test_directory_structure PASSED [  2%]
CREW/Crew/tests/test_basic.py::TestBasicApp::test_module_imports PASSED  [  3%]
CREW/Crew/tests/test_basic.py::TestBasicApp::test_python_version_compatibility PASSED [  3%]
CREW/Crew/tests/test_basic.py::TestBasicApp::test_required_packages_importable PASSED [  4%]
CREW/Crew/tests/test_basic.py::TestBasicApp::test_sample_data_files PASSED [  4%]
CREW/Crew/tests/test_basic.py::TestDirectoryExistence::test_data_dir_exists PASSED [  5%]
CREW/Crew/tests/test_basic.py::TestDirectoryExistence::test_input_dir_exists PASSED [  5%]
CREW/Crew/tests/test_basic.py::TestDirectoryExistence::test_output_dir_exists PASSED [  6%]
CREW/Crew/tests/test_basic.py::TestDirectoryExistence::test_tests_dir_exists PASSED [  6%]
CREW/Crew/tests/test_basic.py::test_output_dir_exists PASSED             [  7%]
CREW/Crew/tests/test_cache.py::TestCache::test_cache_clear_all PASSED    [  7%]
CREW/Crew/tests/test_cache.py::TestCache::test_cache_clear_specific_key PASSED [  7%]
CREW/Crew/tests/test_cache.py::TestCache::test_cache_custom_ttl PASSED   [  8%]
CREW/Crew/tests/test_cache.py::TestCache::test_cache_data_types 
CREW/Crew/tests/test_cache.py::TestCache::test_cache_data_types PASSED   [  8%]
CREW/Crew/tests/test_cache.py::TestCache::test_cache_error_handling PASSED [  9%]
CREW/Crew/tests/test_cache.py::TestCache::test_cache_get_nonexistent_key PASSED [  9%]
CREW/Crew/tests/test_cache.py::TestCache::test_cache_initialization PASSED [ 10%]
CREW/Crew/tests/test_cache.py::TestCache::test_cache_invalidate PASSED   [ 10%]
CREW/Crew/tests/test_cache.py::TestCache::test_cache_persistence PASSED  [ 11%]
CREW/Crew/tests/test_cache.py::TestCache::test_cache_set_and_get PASSED  [ 11%]
CREW/Crew/tests/test_cache.py::TestCache::test_cache_ttl_expiration PASSED [ 12%]
CREW/Crew/tests/test_cache.py::TestCache::test_default_ttl_used PASSED   [ 12%]
CREW/Crew/tests/test_cache.py::TestCache::test_save_to_disk_success PASSED [ 13%]
CREW/Crew/tests/test_column_visibility.py::TestColumnVisibility::test_initial_visibility PASSED [ 13%]
CREW/Crew/tests/test_column_visibility.py::TestColumnVisibility::test_hide_column PASSED [ 14%]
CREW/Crew/tests/test_column_visibility.py::TestColumnVisibility::test_show_hidden_column PASSED [ 14%]
CREW/Crew/tests/test_column_visibility.py::TestColumnVisibility::test_hide_multiple_columns PASSED [ 15%]
CREW/Crew/tests/test_column_visibility.py::TestColumnVisibility::test_hide_non_existent_column PASSED [ 15%]
CREW/Crew/tests/test_config.py::TestConfig::test_auto_save_default PASSED [ 15%]
CREW/Crew/tests/test_config.py::TestConfig::test_column_widths_management PASSED [ 16%]
CREW/Crew/tests/test_config.py::TestConfig::test_config_data_types PASSED [ 16%]
CREW/Crew/tests/test_config.py::TestConfig::test_config_initialization PASSED [ 17%]
CREW/Crew/tests/test_config.py::TestConfig::test_default_config_values PASSED [ 17%]
CREW/Crew/tests/test_config.py::TestConfig::test_get_default_value PASSED [ 18%]
CREW/Crew/tests/test_config.py::TestConfig::test_log_level_default PASSED [ 18%]
CREW/Crew/tests/test_config.py::TestConfig::test_set_and_get_value PASSED [ 19%]
CREW/Crew/tests/test_crew_main.py::TestCrewMainFunctions::test_calculate_hexagon_points PASSED [ 19%]
CREW/Crew/tests/test_crew_main.py::TestCrewMainFunctions::test_constants_and_configuration PASSED [ 20%]
CREW/Crew/tests/test_crew_main.py::TestCrewMainFunctions::test_hex_to_rgb_conversion PASSED [ 20%]
CREW/Crew/tests/test_crew_main.py::TestCrewMainFunctions::test_image_file_constants PASSED [ 21%]
CREW/Crew/tests/test_crew_main.py::TestCrewMainFunctions::test_main_function_structure PASSED [ 21%]
CREW/Crew/tests/test_crew_main.py::TestCrewMainFunctions::test_read_csv_builtin PASSED [ 22%]
CREW/Crew/tests/test_crew_main.py::TestCrewMainFunctions::test_read_file_function PASSED [ 22%]
CREW/Crew/tests/test_crew_main.py::TestCrewMainFunctions::test_rgb_to_hex_conversion PASSED [ 23%]
CREW/Crew/tests/test_crew_main.py::TestCrewMainFunctions::test_spacer_function PASSED [ 23%]
CREW/Crew/tests/test_data_handling.py::TestDataHandling::test_read_csv_builtin PASSED [ 23%]
CREW/Crew/tests/test_data_handling.py::TestDataHandling::test_read_csv_pandas PASSED [ 24%]
CREW/Crew/tests/test_data_handling.py::TestDataHandling::test_read_file_nonexistent PASSED [ 24%]
CREW/Crew/tests/test_data_loading_fix.py::test_text_file_detection PASSED [ 25%]
CREW/Crew/tests/test_data_loading_fix.py::test_database_manager_with_csv PASSED [ 25%]
CREW/Crew/tests/test_data_loading_fix.py::test_would_fail_on_text_file PASSED [ 26%]
CREW/Crew/tests/test_database_manager.py::TestDatabaseManager::test_context_manager_functionality PASSED [ 26%]
CREW/Crew/tests/test_database_manager.py::TestDatabaseManager::test_data_grouping_functionality PASSED [ 27%]
CREW/Crew/tests/test_database_manager.py::TestDatabaseManager::test_database_logging_setup PASSED [ 27%]
CREW/Crew/tests/test_database_manager.py::TestDatabaseManager::test_database_manager_initialization PASSED [ 28%]
CREW/Crew/tests/test_database_manager.py::TestDatabaseManager::test_load_csv_data PASSED [ 28%]
CREW/Crew/tests/test_database_manager.py::TestDatabaseManager::test_load_nonexistent_file PASSED [ 29%]
CREW/Crew/tests/test_database_manager.py::TestDatabaseManager::test_save_data_to_csv PASSED [ 29%]
CREW/Crew/tests/test_database_manager.py::TestDatabaseManager::test_schema_version_handling SKIPPED [ 30%]
CREW/Crew/tests/test_errors.py::TestErrorClasses::test_cache_error_inheritance PASSED [ 30%]
CREW/Crew/tests/test_errors.py::TestErrorClasses::test_catch_base_error PASSED [ 30%]
CREW/Crew/tests/test_errors.py::TestErrorClasses::test_config_error_inheritance PASSED [ 31%]
CREW/Crew/tests/test_errors.py::TestErrorClasses::test_crew_manager_error_base_class PASSED [ 31%]
CREW/Crew/tests/test_errors.py::TestErrorClasses::test_database_error_inheritance PASSED [ 32%]
CREW/Crew/tests/test_errors.py::TestErrorClasses::test_error_class_docstrings PASSED [ 32%]
CREW/Crew/tests/test_errors.py::TestErrorClasses::test_error_raising_and_catching PASSED [ 33%]
CREW/Crew/tests/test_errors.py::TestErrorClasses::test_error_with_empty_message PASSED [ 33%]
CREW/Crew/tests/test_errors.py::TestErrorClasses::test_gui_error_inheritance PASSED [ 34%]
CREW/Crew/tests/test_extra_functionality.py::test_hex_to_rgb_supports_shorthand_hex PASSED [ 34%]
CREW/Crew/tests/test_extra_functionality.py::test_hex_to_rgb_supports_named_colors PASSED [ 35%]
CREW/Crew/tests/test_extra_functionality.py::test_process_images_supports_output_format PASSED [ 35%]
CREW/Crew/tests/test_extra_functionality.py::test_crop_from_annotations_skips_invalid_rows PASSED [ 36%]
CREW/Crew/tests/test_file_utils.py::test_read_file PASSED                [ 36%]
CREW/Crew/tests/test_file_utils.py::test_read_csv_builtin PASSED         [ 37%]
CREW/Crew/tests/test_file_utils.py::test_read_csv_pandas PASSED          [ 37%]
CREW/Crew/tests/test_file_utils.py::test_read_excel PASSED               [ 38%]
CREW/Crew/tests/test_geometry.py::TestGeometricCalculations::test_calculate_hexagon_points_default PASSED [ 38%]
CREW/Crew/tests/test_geometry.py::TestGeometricCalculations::test_calculate_hexagon_points_zero_height PASSED [ 38%]
CREW/Crew/tests/test_geometry.py::TestGeometricCalculations::test_hex_to_rgb_with_hash PASSED [ 39%]
CREW/Crew/tests/test_geometry.py::TestGeometricCalculations::test_rgb_to_hex PASSED [ 39%]
CREW/Crew/tests/test_globals.py::TestGlobals::test_application_constants PASSED [ 40%]
CREW/Crew/tests/test_globals.py::TestGlobals::test_math_constants PASSED [ 40%]
CREW/Crew/tests/test_globals.py::TestGlobals::test_path_constants PASSED [ 41%]
CREW/Crew/tests/test_globals.py::TestGlobals::test_ui_constants PASSED   [ 41%]
CREW/Crew/tests/test_globals.py::TestGlobals::test_vehicle_constants PASSED [ 42%]
CREW/Crew/tests/test_gui.py::TestGUIModule::test_auto_import_py_files_function_exists SKIPPED [ 42%]
CREW/Crew/tests/test_gui.py::TestGUIModule::test_gui_main_entities_exist SKIPPED [ 43%]
CREW/Crew/tests/test_gui.py::TestGUIModule::test_path_handling_pathlib SKIPPED [ 43%]
CREW/Crew/tests/test_gui.py::TestGUIModule::test_read_widget_text SKIPPED [ 44%]
CREW/Crew/tests/test_gui.py::TestGUIModule::test_tkinter_availability SKIPPED [ 44%]
CREW/Crew/tests/test_gui.py::TestGUIModule::test_ttk_widgets_availability SKIPPED [ 45%]
CREW/Crew/tests/test_gui.py::TestGUIModule::test_tts_error_feedback SKIPPED [ 45%]
CREW/Crew/tests/test_gui.py::TestGUIModule::test_tts_error_handling SKIPPED [ 46%]
CREW/Crew/tests/test_gui.py::TestGUIModule::test_tts_menu_and_settings SKIPPED [ 46%]
CREW/Crew/tests/test_gui.py::TestGUIModule::test_tts_settings SKIPPED    [ 46%]
CREW/Crew/tests/test_gui_basic.py::test_basic_gui PASSED                 [ 47%]
CREW/Crew/tests/test_gui_basic.py::test_main_execution PASSED            [ 47%]
CREW/Crew/tests/test_gui_functionality.py::TestGUIPreprocessing::test_chunk_text PASSED [ 48%]
CREW/Crew/tests/test_gui_functionality.py::TestGUIPreprocessing::test_clean_text PASSED [ 48%]
CREW/Crew/tests/test_gui_save_load.py::TestCrewGUISaveLoad::test_save_and_load_csv PASSED [ 49%]
CREW/Crew/tests/test_gui_save_load.py::TestCrewGUISaveLoad::test_save_and_load_txt PASSED [ 49%]
CREW/Crew/tests/test_gui_save_load.py::TestCrewGUISaveLoad::test_save_to_file_error PASSED [ 50%]
CREW/Crew/tests/test_image_processing.py::TestImageProcessing::test_constants_values PASSED [ 50%]
CREW/Crew/tests/test_image_processing.py::TestImageProcessing::test_error_handling_io_error PASSED [ 51%]
CREW/Crew/tests/test_image_processing.py::TestImageProcessing::test_image_processing_workflow PASSED [ 51%]
CREW/Crew/tests/test_image_processing.py::TestImageProcessing::test_markHorizontalLine_coordinates_outside_image PASSED [ 52%]
CREW/Crew/tests/test_image_processing.py::TestImageProcessing::test_markHorizontalLine_custom_color PASSED [ 52%]
CREW/Crew/tests/test_image_processing.py::TestImageProcessing::test_markHorizontalLine_custom_thickness PASSED [ 53%]
CREW/Crew/tests/test_image_processing.py::TestImageProcessing::test_markHorizontalLine_default_parameters PASSED [ 53%]
CREW/Crew/tests/test_image_processing.py::TestImageProcessing::test_markHorizontalLine_diagonal_line PASSED [ 53%]
CREW/Crew/tests/test_image_processing.py::TestImageProcessing::test_markHorizontalLine_negative_coordinates PASSED [ 54%]
CREW/Crew/tests/test_image_processing.py::TestImageProcessing::test_markHorizontalLine_uses_constants PASSED [ 54%]
CREW/Crew/tests/test_image_processing.py::TestImageProcessing::test_markHorizontalLine_vertical_line PASSED [ 55%]
CREW/Crew/tests/test_image_processing.py::TestImageProcessing::test_markHorizontalLine_zero_length_line PASSED [ 55%]
CREW/Crew/tests/test_image_processing.py::TestImageProcessing::test_overlayGrid_custom_color PASSED [ 56%]
CREW/Crew/tests/test_image_processing.py::TestImageProcessing::test_overlayGrid_custom_grid_size PASSED [ 56%]
CREW/Crew/tests/test_image_processing.py::TestImageProcessing::test_overlayGrid_default_parameters PASSED [ 57%]
CREW/Crew/tests/test_image_processing.py::TestImageProcessing::test_overlayGrid_invalid_file PASSED [ 57%]
CREW/Crew/tests/test_image_processing.py::TestImageProcessing::test_overlayGrid_invalid_grid_dimensions PASSED [ 58%]
CREW/Crew/tests/test_image_processing.py::TestImageProcessing::test_overlayGrid_large_grid PASSED [ 58%]
CREW/Crew/tests/test_image_processing.py::TestImageProcessing::test_overlayGrid_preserves_image_mode PASSED [ 59%]
CREW/Crew/tests/test_image_processing.py::TestImageProcessing::test_overlayGrid_rectangular_grid PASSED [ 59%]
CREW/Crew/tests/test_image_processing.py::TestImageProcessing::test_overlayGrid_single_cell PASSED [ 60%]
CREW/Crew/tests/test_image_processing.py::TestImageProcessing::test_overlayGrid_uses_constants PASSED [ 60%]
CREW/Crew/tests/test_image_processing.py::TestImageProcessing::test_overlayGrid_valid_image PASSED [ 61%]
CREW/Crew/tests/test_image_processing.py::TestImageProcessing::test_overlayGrid_very_fine_grid PASSED [ 61%]
CREW/Crew/tests/test_image_utils.py::test_mark_line_creates_image PASSED [ 61%]
CREW/Crew/tests/test_image_utils.py::test_overlay_grid_returns_image PASSED [ 62%]
CREW/Crew/tests/test_image_utils.py::test_process_images PASSED          [ 62%]
CREW/Crew/tests/test_image_utils.py::test_markHorizontalLine PASSED      [ 63%]
CREW/Crew/tests/test_image_utils.py::test_crop_from_annotations PASSED   [ 63%]
CREW/Crew/tests/test_layout.py::test_layout PASSED                       [ 64%]
CREW/Crew/tests/test_layout.py::TestGUILayout::test_initial_column_visibility PASSED [ 64%]
CREW/Crew/tests/test_layout.py::TestGUILayout::test_invalid_script_execution PASSED [ 65%]
CREW/Crew/tests/test_layout.py::TestGUILayout::test_run_button_enabled_after_script_selection PASSED [ 65%]
CREW/Crew/tests/test_layout.py::TestGUILayout::test_run_button_initially_disabled PASSED [ 66%]
CREW/Crew/tests/test_layout.py::TestGUILayout::test_script_execution_output PASSED [ 66%]
CREW/Crew/tests/test_layout.py::TestGUILayout::test_script_selection_clears_output PASSED [ 67%]
CREW/Crew/tests/test_layout.py::TestGUILayout::test_toggle_column_visibility PASSED [ 67%]
CREW/Crew/tests/test_layout.py::TestGUILayout::test_view_menu_actions PASSED [ 68%]
CREW/Crew/tests/test_layout.py::TestGUILayout::test_window_title PASSED  [ 68%]
CREW/Crew/tests/test_mcp_service.py::TestCustomEncoder::test_encode_nan_values PASSED [ 69%]
CREW/Crew/tests/test_mcp_service.py::TestCustomEncoder::test_encode_pandas_timedelta PASSED [ 69%]
CREW/Crew/tests/test_mcp_service.py::TestCustomEncoder::test_encode_pandas_timestamp PASSED [ 69%]
CREW/Crew/tests/test_mcp_service.py::TestCustomEncoder::test_encode_regular_values PASSED [ 70%]
CREW/Crew/tests/test_mcp_service.py::TestCustomEncoder::test_encoder_with_complex_dataframe_output PASSED [ 70%]
CREW/Crew/tests/test_mcp_service.py::TestCustomEncoder::test_multiple_pandas_types PASSED [ 71%]
CREW/Crew/tests/test_mcp_service.py::TestCustomEncoder::test_nested_nan_handling PASSED [ 71%]
CREW/Crew/tests/test_mcp_service.py::TestGatherContextDataFromDataFrame::test_dataframe_processing_error PASSED [ 72%]
CREW/Crew/tests/test_mcp_service.py::TestGatherContextDataFromDataFrame::test_dataframe_with_nan_values PASSED [ 72%]
CREW/Crew/tests/test_mcp_service.py::TestGatherContextDataFromDataFrame::test_empty_dataframe PASSED [ 73%]
CREW/Crew/tests/test_mcp_service.py::TestGatherContextDataFromDataFrame::test_normal_dataframe PASSED [ 73%]
CREW/Crew/tests/test_mcp_service.py::TestFormatDataAsMcp::test_empty_data_list PASSED [ 74%]
CREW/Crew/tests/test_mcp_service.py::TestFormatDataAsMcp::test_formatting_error PASSED [ 74%]
CREW/Crew/tests/test_mcp_service.py::TestFormatDataAsMcp::test_normal_data_list PASSED [ 75%]
CREW/Crew/tests/test_mcp_service.py::TestGetMcpContextForNpcs::test_empty_npc_dataframe PASSED [ 75%]
CREW/Crew/tests/test_mcp_service.py::TestGetMcpContextForNpcs::test_error_handling PASSED [ 76%]
CREW/Crew/tests/test_mcp_service.py::TestGetMcpContextForNpcs::test_normal_npc_dataframe PASSED [ 76%]
CREW/Crew/tests/test_mcp_service.py::TestMcpServiceIntegration::test_data_type_preservation PASSED [ 76%]
CREW/Crew/tests/test_mcp_service.py::TestMcpServiceIntegration::test_end_to_end_workflow PASSED [ 77%]
CREW/Crew/tests/test_mcp_service.py::TestMcpServiceIntegration::test_metadata_completeness PASSED [ 77%]
CREW/Crew/tests/test_mcp_service.py::TestMcpServiceIntegration::test_performance_with_large_dataset PASSED [ 78%]
CREW/Crew/tests/test_storysearch.py::TestStorySearch::test_find_by_character_placeholder PASSED [ 78%]
CREW/Crew/tests/test_storysearch.py::TestStorySearch::test_find_by_keyword_placeholder PASSED [ 79%]
CREW/Crew/tests/test_storysearch.py::TestStorySearch::test_find_by_theme_placeholder PASSED [ 79%]
CREW/Crew/tests/test_storysearch.py::TestStorySearch::test_load_stories_method_exists PASSED [ 80%]
CREW/Crew/tests/test_storysearch.py::TestStorySearch::test_load_stories_with_different_sources 
CREW/Crew/tests/test_storysearch.py::TestStorySearch::test_load_stories_with_different_sources PASSED [ 80%]
CREW/Crew/tests/test_storysearch.py::TestStorySearch::test_main_execution_block PASSED [ 81%]
CREW/Crew/tests/test_storysearch.py::TestStorySearch::test_module_structure PASSED [ 81%]
CREW/Crew/tests/test_storysearch.py::TestStorySearch::test_search_case_sensitivity 
CREW/Crew/tests/test_storysearch.py::TestStorySearch::test_search_case_sensitivity PASSED [ 82%]
CREW/Crew/tests/test_storysearch.py::TestStorySearch::test_search_methods_exist 
CREW/Crew/tests/test_storysearch.py::TestStorySearch::test_search_methods_exist PASSED [ 82%]
CREW/Crew/tests/test_storysearch.py::TestStorySearch::test_search_performance_basic PASSED [ 83%]
CREW/Crew/tests/test_storysearch.py::TestStorySearch::test_search_with_empty_parameters PASSED [ 83%]
CREW/Crew/tests/test_storysearch.py::TestStorySearch::test_search_with_none_parameters PASSED [ 84%]
CREW/Crew/tests/test_storysearch.py::TestStorySearch::test_search_with_special_characters 
CREW/Crew/tests/test_storysearch.py::TestStorySearch::test_search_with_special_characters PASSED [ 84%]
CREW/Crew/tests/test_storysearch.py::TestStorySearch::test_story_search_initialization PASSED [ 84%]
CREW/Crew/tests/test_traveller5_scraper.py::TestTraveller5Scraper::test_placeholder_functionality PASSED [ 85%]
CREW/Crew/tests/test_traveller5_scraper.py::TestTraveller5Scraper::test_project_info PASSED [ 85%]
CREW/Crew/tests/test_traveller5_scraper.py::TestTraveller5Scraper::test_version_info PASSED [ 86%]
CREW/Crew/tests/test_tts_comprehensive.py::TestTTSEngineInitialization::test_engine_initialization PASSED [ 86%]
CREW/Crew/tests/test_tts_comprehensive.py::TestTTSEngineInitialization::test_engine_initialization_with_mock PASSED [ 87%]
CREW/Crew/tests/test_tts_comprehensive.py::TestTTSEngineInitialization::test_tts_availability_detection PASSED [ 87%]
CREW/Crew/tests/test_tts_comprehensive.py::TestVoicePropertyManagement::test_get_voices PASSED [ 88%]
CREW/Crew/tests/test_tts_comprehensive.py::TestVoicePropertyManagement::test_rate_property PASSED [ 88%]
CREW/Crew/tests/test_tts_comprehensive.py::TestVoicePropertyManagement::test_voice_selection PASSED [ 89%]
CREW/Crew/tests/test_tts_comprehensive.py::TestVoicePropertyManagement::test_volume_property PASSED [ 89%]
CREW/Crew/tests/test_tts_comprehensive.py::TestFemaleVoiceSetup::test_setup_female_voice_advanced PASSED [ 90%]
CREW/Crew/tests/test_tts_comprehensive.py::TestFemaleVoiceSetup::test_setup_female_voice_basic PASSED [ 90%]
CREW/Crew/tests/test_tts_comprehensive.py::TestTextPreprocessing::test_clean_text_basic 
CREW/Crew/tests/test_tts_comprehensive.py::TestTextPreprocessing::test_clean_text_basic PASSED [ 91%]
CREW/Crew/tests/test_tts_comprehensive.py::TestTextPreprocessing::test_preprocess_text_for_speech PASSED [ 91%]
CREW/Crew/tests/test_tts_comprehensive.py::TestTextChunking::test_chunk_text_by_sentences PASSED [ 92%]
CREW/Crew/tests/test_tts_comprehensive.py::TestTextChunking::test_chunk_text_edge_cases PASSED [ 92%]
CREW/Crew/tests/test_tts_comprehensive.py::TestErrorHandling::test_engine_initialization_failure PASSED [ 92%]
CREW/Crew/tests/test_tts_comprehensive.py::TestErrorHandling::test_malformed_text_handling PASSED [ 93%]
CREW/Crew/tests/test_tts_comprehensive.py::TestErrorHandling::test_property_setting_failure PASSED [ 93%]
CREW/Crew/tests/test_tts_comprehensive.py::TestThreadSafety::test_concurrent_property_access PASSED [ 94%]
CREW/Crew/tests/test_tts_comprehensive.py::TestThreadSafety::test_speech_interruption PASSED [ 94%]
CREW/Crew/tests/test_tts_comprehensive.py::TestIntegration::test_complete_tts_workflow PASSED [ 95%]
CREW/Crew/tests/test_tts_comprehensive.py::TestIntegration::test_context_menu_integration PASSED [ 95%]
CREW/Crew/tests/test_tts_comprehensive.py::TestTTSSettingsDialog::test_settings_dialog_data_structure PASSED [ 96%]
CREW/Crew/tests/test_tts_comprehensive.py::TestTTSSettingsDialog::test_settings_dialog_validation PASSED [ 96%]
CREW/Crew/tests/test_tts_comprehensive.py::TestPerformance::test_large_text_processing PASSED [ 97%]
CREW/Crew/tests/test_tts_comprehensive.py::TestPerformance::test_memory_usage PASSED [ 97%]
CREW/Crew/tests/test_tts_details.py::test_function PASSED                [ 98%]
CREW/Crew/tests/test_window_geometry_startup.py::TestWindowGeometryStartup::test_build_centered_geometry_clamps_offsets_to_zero PASSED [ 98%]
CREW/Crew/tests/test_window_geometry_startup.py::TestWindowGeometryStartup::test_build_centered_geometry_uses_800_square_window PASSED [ 99%]
CREW/Crew/tests/test_window_geometry_startup.py::TestWindowGeometryStartup::test_config_defaults_match_startup_window_size PASSED [ 99%]
CREW/Crew/tests/test_window_geometry_startup.py::TestWindowGeometryStartup::test_load_window_state_ignores_saved_geometry PASSED [100%]

======= 202 passed, 11 skipped, 6 warnings, 37 subtests passed in 44.49s =======
