2026-03-31 00:30:50,597 - root - INFO - Status: Auto-importing workspace modules...
2026-03-31 00:31:08,096 - root - INFO - Auto-imported 87 modules successfully
2026-03-31 00:31:08,096 - root - INFO - Skipped 25 modules (expected for script files)
2026-03-31 00:31:08,097 - root - INFO - Auto-import summary: 87 imported, 25 failed, 39519 skipped, 39631 total files processed
2026-03-31 00:31:08,105 - root - INFO - Status: Loading default data from /home/me/Notebooks/CREW/Crew/data/npcs.csv...
2026-03-31 00:31:08,231 - root - INFO - Status: Loaded 63 records from /home/me/Notebooks/CREW/Crew/data/npcs.csv.
2026-03-31 00:31:08,255 - root - INFO - Status: Ready - Auto-imported 87 modules (25 failed)
2026-03-31 00:31:23,840 - root - INFO - Status: Auto-importing workspace modules...
2026-03-31 00:31:23,841 - root - INFO - Using cached auto-import results
2026-03-31 00:31:23,843 - root - INFO - Status: Loading default data from /home/me/Notebooks/CREW/Crew/data/npcs.csv...
2026-03-31 00:31:24,192 - root - INFO - Status: Loaded 63 records from /home/me/Notebooks/CREW/Crew/data/npcs.csv.
2026-03-31 00:31:24,195 - root - INFO - Status: Ready - Auto-imported 87 modules (25 failed)
2026-03-31 00:31:53,682 - root - INFO - Status: Auto-importing workspace modules...
2026-03-31 00:31:53,683 - root - INFO - Using cached auto-import results
2026-03-31 00:31:53,695 - root - INFO - Status: Loading default data from /home/me/Notebooks/CREW/Crew/data/npcs.csv...
2026-03-31 00:31:53,796 - root - INFO - Status: Loaded 63 records from /home/me/Notebooks/CREW/Crew/data/npcs.csv.
2026-03-31 00:31:53,807 - root - INFO - Status: Ready - Auto-imported 87 modules (25 failed)
2026-03-31 00:33:53,858 - root - INFO - Status: Auto-importing workspace modules...
2026-03-31 00:33:53,859 - root - INFO - Using cached auto-import results
2026-03-31 00:33:53,914 - root - INFO - Status: Loading default data from /home/me/Notebooks/CREW/Crew/data/npcs.csv...
2026-03-31 00:33:54,021 - root - INFO - Status: Loaded 63 records from /home/me/Notebooks/CREW/Crew/data/npcs.csv.
2026-03-31 00:33:54,042 - root - INFO - Status: Ready - Auto-imported 87 modules (25 failed)
2026-03-31 00:35:58,368 - root - INFO - Status: Auto-importing workspace modules...
2026-03-31 00:35:58,369 - root - INFO - Using cached auto-import results
2026-03-31 00:35:58,381 - root - INFO - Status: Loading default data from /home/me/Notebooks/CREW/Crew/data/npcs.csv...
2026-03-31 00:35:58,523 - root - INFO - Status: Loaded 63 records from /home/me/Notebooks/CREW/Crew/data/npcs.csv.
2026-03-31 00:35:58,576 - root - INFO - Status: Ready - Auto-imported 87 modules (25 failed)
2026-03-31 00:36:05,782 - root - INFO - Status: Auto-importing workspace modules...
2026-03-31 00:36:05,784 - root - INFO - Using cached auto-import results
2026-03-31 00:36:05,863 - root - INFO - Status: Loading default data from /home/me/Notebooks/CREW/Crew/data/npcs.csv...
2026-03-31 00:36:06,193 - root - INFO - Status: Loaded 63 records from /home/me/Notebooks/CREW/Crew/data/npcs.csv.
2026-03-31 00:36:06,200 - root - INFO - Status: Ready - Auto-imported 87 modules (25 failed)
2026-03-31 00:36:13,085 - root - INFO - Updating script menu as it is about to be displayed...
2026-03-31 00:37:59,742 - root - INFO - Status: Speech saved to: test.wav
2026-03-31 00:40:29,686 - root - INFO - Status: Auto-importing workspace modules...
2026-03-31 00:40:32,201 - root - INFO - Auto-imported 87 modules successfully
2026-03-31 00:40:32,201 - root - INFO - Skipped 25 modules (expected for script files)
2026-03-31 00:40:32,201 - root - INFO - Auto-import summary: 87 imported, 25 failed, 39519 skipped, 39631 total files processed
2026-03-31 00:40:32,206 - root - INFO - Status: Loading default data from /home/me/Notebooks/CREW/Crew/data/npcs.csv...
2026-03-31 00:40:32,317 - root - INFO - Status: Loaded 63 records from /home/me/Notebooks/CREW/Crew/data/npcs.csv.
2026-03-31 00:40:32,323 - root - INFO - Status: Ready - Auto-imported 87 modules (25 failed)
2026-03-31 00:40:45,516 - root - INFO - Updating script menu as it is about to be displayed...
2026-03-31 00:40:46,750 - root - INFO - Updating script menu as it is about to be displayed...
2026-03-31 00:40:52,657 - root - INFO - Status: Opened scripts folder: /home/me/Notebooks/CREW/Crew/scripts
2026-03-31 00:42:51,120 - root - INFO - Status: Auto-importing workspace modules...
2026-03-31 00:42:51,120 - root - INFO - Using cached auto-import results
2026-03-31 00:42:51,158 - root - INFO - Status: Loading default data from /home/me/Notebooks/CREW/Crew/data/npcs.csv...
2026-03-31 00:42:51,266 - root - INFO - Status: Loaded 63 records from /home/me/Notebooks/CREW/Crew/data/npcs.csv.
2026-03-31 00:42:51,320 - root - INFO - Status: Ready - Auto-imported 87 modules (25 failed)
2026-03-31 00:44:33,313 - root - INFO - Status: Auto-importing workspace modules...
2026-03-31 00:44:33,314 - root - INFO - Using cached auto-import results
2026-03-31 00:44:33,339 - root - INFO - Status: Loading default data from /home/me/Notebooks/CREW/Crew/data/npcs.csv...
2026-03-31 00:44:33,478 - root - INFO - Status: Loaded 63 records from /home/me/Notebooks/CREW/Crew/data/npcs.csv.
2026-03-31 00:44:33,560 - root - INFO - Status: Ready - Auto-imported 87 modules (25 failed)
2026-03-31 00:46:33,949 - root - INFO - Status: Auto-importing workspace modules...
2026-03-31 00:46:36,678 - root - INFO - Auto-imported 87 modules successfully
2026-03-31 00:46:36,678 - root - INFO - Skipped 25 modules (expected for script files)
2026-03-31 00:46:36,679 - root - INFO - Auto-import summary: 87 imported, 25 failed, 39582 skipped, 39694 total files processed
2026-03-31 00:46:36,687 - root - INFO - Status: Loading default data from /home/me/Notebooks/CREW/Crew/data/npcs.csv...
2026-03-31 00:46:36,826 - root - INFO - Status: Loaded 63 records from /home/me/Notebooks/CREW/Crew/data/npcs.csv.
2026-03-31 00:46:36,853 - root - INFO - Status: Ready - Auto-imported 87 modules (25 failed)
2026-03-31 00:46:52,997 - root - INFO - Status: Auto-importing workspace modules...
2026-03-31 00:46:52,998 - root - INFO - Using cached auto-import results
2026-03-31 00:46:53,051 - root - INFO - Status: Loading default data from /home/me/Notebooks/CREW/Crew/data/npcs.csv...
2026-03-31 00:46:53,213 - root - INFO - Status: Loaded 63 records from /home/me/Notebooks/CREW/Crew/data/npcs.csv.
2026-03-31 00:46:53,233 - root - INFO - Status: Ready - Auto-imported 87 modules (25 failed)
2026-03-31 00:49:01,542 - root - INFO - Status: Auto-importing workspace modules...
2026-03-31 00:49:01,543 - root - INFO - Using cached auto-import results
2026-03-31 00:49:01,569 - root - INFO - Status: Loading default data from /home/me/Notebooks/CREW/Crew/data/npcs.csv...
2026-03-31 00:49:01,664 - root - INFO - Status: Loaded 63 records from /home/me/Notebooks/CREW/Crew/data/npcs.csv.
2026-03-31 00:49:01,695 - root - INFO - Status: Ready - Auto-imported 87 modules (25 failed)
2026-03-31 00:49:27,874 - root - INFO - Status: Auto-importing workspace modules...
2026-03-31 00:49:27,875 - root - INFO - Using cached auto-import results
2026-03-31 00:49:27,877 - root - INFO - Status: Loading default data from /home/me/Notebooks/CREW/Crew/data/npcs.csv...
2026-03-31 00:49:28,028 - root - INFO - Status: Loaded 63 records from /home/me/Notebooks/CREW/Crew/data/npcs.csv.
2026-03-31 00:49:28,047 - root - INFO - Status: Ready - Auto-imported 87 modules (25 failed)
2026-03-31 00:55:31,264 - root - INFO - Status: Auto-importing workspace modules...
2026-03-31 00:55:33,905 - root - INFO - Auto-imported 87 modules successfully
2026-03-31 00:55:33,905 - root - INFO - Skipped 25 modules (expected for script files)
2026-03-31 00:55:33,905 - root - INFO - Auto-import summary: 87 imported, 25 failed, 39582 skipped, 39694 total files processed
2026-03-31 00:55:33,913 - root - INFO - Status: Loading default data from /home/me/Notebooks/CREW/Crew/data/npcs.csv...
2026-03-31 00:55:33,995 - root - INFO - Status: Loaded 63 records from /home/me/Notebooks/CREW/Crew/data/npcs.csv.
2026-03-31 00:55:34,023 - root - INFO - Status: Ready - Auto-imported 87 modules (25 failed)
2026-03-31 08:53:20,578 - root - INFO - Status: Auto-importing workspace modules...
2026-03-31 08:53:23,853 - root - INFO - Auto-imported 87 modules successfully
2026-03-31 08:53:23,853 - root - INFO - Skipped 25 modules (expected for script files)
2026-03-31 08:53:23,853 - root - INFO - Auto-import summary: 87 imported, 25 failed, 39582 skipped, 39694 total files processed
2026-03-31 08:53:23,860 - root - INFO - Status: Loading default data from /home/me/Notebooks/CREW/Crew/data/npcs.csv...
2026-03-31 08:53:23,968 - root - INFO - Status: Loaded 63 records from /home/me/Notebooks/CREW/Crew/data/npcs.csv.
2026-03-31 08:53:23,972 - root - INFO - Status: Ready - Auto-imported 87 modules (25 failed)
2026-03-31 10:54:37,740 - root - INFO - Status: Auto-importing workspace modules...
2026-03-31 10:54:37,741 - root - INFO - Using cached auto-import results
2026-03-31 10:54:37,743 - root - INFO - Status: Loading default data from /home/me/Notebooks/CREW/Crew/data/npcs.csv...
2026-03-31 10:54:37,882 - root - INFO - Status: Loaded 63 records from /home/me/Notebooks/CREW/Crew/data/npcs.csv.
2026-03-31 10:54:37,884 - root - INFO - Status: Ready - Auto-imported 87 modules (25 failed)
2026-03-31 10:54:47,879 - root - INFO - Starting TTS playback for all details.
2026-03-31 10:54:47,897 - root - INFO - TTS playback completed for all details.
2026-03-31 20:12:42,051 - root - INFO - Status: Auto-importing workspace modules...
2026-03-31 20:12:58,124 - root - INFO - Auto-imported 87 modules successfully
2026-03-31 20:12:58,124 - root - INFO - Skipped 25 modules (expected for script files)
2026-03-31 20:12:58,125 - root - INFO - Auto-import summary: 87 imported, 25 failed, 39582 skipped, 39694 total files processed
2026-03-31 20:12:58,154 - root - INFO - Status: Loading default data from /home/me/Notebooks/CREW/Crew/data/npcs.csv...
2026-03-31 20:12:58,268 - root - INFO - Status: Loaded 63 records from /home/me/Notebooks/CREW/Crew/data/npcs.csv.
2026-03-31 20:12:58,270 - root - INFO - Status: Ready - Auto-imported 87 modules (25 failed)
2026-04-01 18:49:24,891 - root - INFO - Status: Auto-importing workspace modules...
2026-04-01 18:49:31,289 - root - INFO - Auto-imported 89 modules successfully
2026-04-01 18:49:31,290 - root - INFO - Skipped 25 modules (expected for script files)
2026-04-01 18:49:31,290 - root - INFO - Auto-import summary: 89 imported, 25 failed, 12303 skipped, 12417 total files processed
2026-04-01 18:49:31,347 - root - INFO - Status: Loading default data from /home/me/Notebooks/CREW/Crew/data/npcs.csv...
2026-04-01 18:49:31,531 - root - INFO - Status: Loaded 63 records from /home/me/Notebooks/CREW/Crew/data/npcs.csv.
2026-04-01 18:49:31,560 - root - INFO - Status: Ready - Auto-imported 89 modules (25 failed)
2026-04-01 22:28:28,717 - root - INFO - Status: Auto-importing workspace modules...
2026-04-01 22:30:54,876 - root - INFO - Auto-imported 89 modules successfully
2026-04-01 22:30:54,876 - root - INFO - Skipped 25 modules (expected for script files)
2026-04-01 22:30:54,876 - root - INFO - Auto-import summary: 89 imported, 25 failed, 12303 skipped, 12417 total files processed
2026-04-01 22:30:55,577 - root - INFO - Status: Loading default data from /home/me/Notebooks/CREW/Crew/data/npcs.csv...
2026-04-01 22:30:56,017 - root - INFO - Status: Loaded 63 records from /home/me/Notebooks/CREW/Crew/data/npcs.csv.
2026-04-01 22:30:56,019 - root - INFO - Status: Ready - Auto-imported 89 modules (25 failed)
2026-04-01 22:31:43,062 - root - INFO - Status: Auto-importing workspace modules...
2026-04-01 22:31:43,062 - root - INFO - Using cached auto-import results
2026-04-01 22:31:43,064 - root - INFO - Status: Loading default data from /home/me/Notebooks/CREW/Crew/data/npcs.csv...
2026-04-01 22:31:43,170 - root - INFO - Status: Loaded 63 records from /home/me/Notebooks/CREW/Crew/data/npcs.csv.
2026-04-01 22:31:43,199 - root - INFO - Status: Ready - Auto-imported 89 modules (25 failed)
2026-04-01 23:42:03,068 - root - INFO - Status: Auto-importing workspace modules...
2026-04-01 23:42:20,129 - root - INFO - Auto-imported 89 modules successfully
2026-04-01 23:42:20,129 - root - INFO - Skipped 25 modules (expected for script files)
2026-04-01 23:42:20,132 - root - INFO - Auto-import summary: 89 imported, 25 failed, 12303 skipped, 12417 total files processed
2026-04-01 23:42:20,195 - root - INFO - Status: Loading default data from /home/me/Notebooks/CREW/Crew/data/npcs.csv...
2026-04-01 23:42:20,409 - root - INFO - Status: Loaded 63 records from /home/me/Notebooks/CREW/Crew/data/npcs.csv.
2026-04-01 23:42:20,427 - root - INFO - Status: Ready - Auto-imported 89 modules (25 failed)
2026-04-02 00:03:53,945 - root - INFO - Status: Auto-importing workspace modules...
2026-04-02 00:04:07,472 - root - INFO - Auto-imported 89 modules successfully
2026-04-02 00:04:07,473 - root - INFO - Skipped 25 modules (expected for script files)
2026-04-02 00:04:07,473 - root - INFO - Auto-import summary: 89 imported, 25 failed, 12303 skipped, 12417 total files processed
2026-04-02 00:04:07,488 - root - INFO - Status: Loading default data from /home/me/Notebooks/CREW/Crew/data/npcs.csv...
2026-04-02 00:04:07,643 - root - INFO - Status: Loaded 63 records from /home/me/Notebooks/CREW/Crew/data/npcs.csv.
2026-04-02 00:04:07,646 - root - INFO - Status: Ready - Auto-imported 89 modules (25 failed)
2026-04-02 00:10:27,310 - root - INFO - Status: Auto-importing workspace modules...
2026-04-02 00:10:28,290 - root - INFO - Auto-imported 89 modules successfully
2026-04-02 00:10:28,290 - root - INFO - Skipped 25 modules (expected for script files)
2026-04-02 00:10:28,290 - root - INFO - Auto-import summary: 89 imported, 25 failed, 12303 skipped, 12417 total files processed
2026-04-02 00:10:28,294 - root - INFO - Status: Loading default data from /home/me/Notebooks/CREW/Crew/data/npcs.csv...
2026-04-02 00:10:28,388 - root - INFO - Status: Loaded 63 records from /home/me/Notebooks/CREW/Crew/data/npcs.csv.
2026-04-02 00:10:28,399 - root - INFO - Status: Ready - Auto-imported 89 modules (25 failed)
2026-04-02 00:10:37,202 - root - INFO - Status: Auto-importing workspace modules...
2026-04-02 00:10:37,203 - root - INFO - Using cached auto-import results
2026-04-02 00:10:37,224 - root - INFO - Status: Loading default data from /home/me/Notebooks/CREW/Crew/data/npcs.csv...
2026-04-02 00:10:37,380 - root - INFO - Status: Loaded 63 records from /home/me/Notebooks/CREW/Crew/data/npcs.csv.
2026-04-02 00:10:37,386 - root - INFO - Status: Ready - Auto-imported 89 modules (25 failed)
2026-04-02 11:12:38,700 - root - INFO - Status: Auto-importing workspace modules...
2026-04-02 11:12:39,719 - root - INFO - Auto-imported 89 modules successfully
2026-04-02 11:12:39,719 - root - INFO - Skipped 25 modules (expected for script files)
2026-04-02 11:12:39,719 - root - INFO - Auto-import summary: 89 imported, 25 failed, 12303 skipped, 12417 total files processed
2026-04-02 11:12:39,727 - root - INFO - Status: Loading default data from /home/me/Notebooks/CREW/Crew/data/npcs.csv...
2026-04-02 11:12:39,800 - root - INFO - Status: Loaded 63 records from /home/me/Notebooks/CREW/Crew/data/npcs.csv.
2026-04-02 11:12:39,817 - root - INFO - Status: Ready - Auto-imported 89 modules (25 failed)
2026-04-02 11:13:42,094 - root - INFO - Status: Filters cleared
2026-04-02 11:13:43,424 - root - INFO - Status: Filters cleared
2026-04-02 11:14:16,112 - root - INFO - Status: Speech saved to: test.wav
2026-04-02 11:14:27,239 - root - INFO - Starting TTS playback for all details.
2026-04-02 11:14:27,280 - root - INFO - TTS playback completed for all details.
2026-04-02 13:15:27,743 - root - INFO - Status: Auto-importing workspace modules...
2026-04-02 13:15:42,746 - root - INFO - Auto-imported 89 modules successfully
2026-04-02 13:15:42,746 - root - INFO - Skipped 25 modules (expected for script files)
2026-04-02 13:15:42,746 - root - INFO - Auto-import summary: 89 imported, 25 failed, 12303 skipped, 12417 total files processed
2026-04-02 13:15:42,755 - root - INFO - Status: Loading default data from /home/me/Notebooks/CREW/Crew/data/npcs.csv...
2026-04-02 13:15:42,921 - root - INFO - Status: Loaded 63 records from /home/me/Notebooks/CREW/Crew/data/npcs.csv.
2026-04-02 13:15:42,940 - root - INFO - Status: Ready - Auto-imported 89 modules (25 failed)
2026-04-02 20:48:06,765 - root - INFO - Status: Auto-importing workspace modules...
2026-04-02 20:48:09,682 - root - INFO - Auto-imported 89 modules successfully
2026-04-02 20:48:09,682 - root - INFO - Skipped 25 modules (expected for script files)
2026-04-02 20:48:09,682 - root - INFO - Auto-import summary: 89 imported, 25 failed, 12316 skipped, 12430 total files processed
2026-04-02 20:48:09,689 - root - INFO - Status: Loading default data from /home/me/Notebooks/CREW/Crew/data/npcs.csv...
2026-04-02 20:48:09,920 - root - INFO - Status: Loaded 63 records from /home/me/Notebooks/CREW/Crew/data/npcs.csv.
2026-04-02 20:48:09,953 - root - INFO - Status: Ready - Auto-imported 89 modules (25 failed)
2026-04-02 20:51:56,525 - root - INFO - Status: Auto-importing workspace modules...
2026-04-02 20:51:56,526 - root - INFO - Using cached auto-import results
2026-04-02 20:51:56,572 - root - INFO - Status: Loading default data from /home/me/Notebooks/CREW/Crew/data/npcs.csv...
2026-04-02 20:51:56,734 - root - INFO - Status: Loaded 63 records from /home/me/Notebooks/CREW/Crew/data/npcs.csv.
2026-04-02 20:51:56,748 - root - INFO - Status: Ready - Auto-imported 89 modules (25 failed)
2026-04-04 21:14:24,284 - root - INFO - Status: Auto-importing workspace modules...
2026-04-04 21:14:34,934 - root - INFO - Auto-imported 74 modules successfully
2026-04-04 21:14:34,934 - root - INFO - Skipped 45 modules (expected for script files)
2026-04-04 21:14:34,935 - root - INFO - Auto-import summary: 74 imported, 45 failed, 23175 skipped, 23294 total files processed
2026-04-04 21:14:34,945 - root - INFO - Status: Loading default data from /home/me/Notebooks/CREW/Crew/data/npcs.csv...
2026-04-04 21:14:35,237 - root - INFO - Status: Loaded 63 records from /home/me/Notebooks/CREW/Crew/data/npcs.csv.
2026-04-04 21:14:35,266 - root - INFO - Status: Ready - Auto-imported 74 modules (45 failed)
2026-04-04 21:15:09,121 - root - INFO - Status: Auto-importing workspace modules...
2026-04-04 21:15:09,122 - root - INFO - Using cached auto-import results
2026-04-04 21:15:09,130 - root - INFO - Status: Loading default data from /home/me/Notebooks/CREW/Crew/data/npcs.csv...
2026-04-04 21:15:09,211 - root - INFO - Status: Loaded 63 records from /home/me/Notebooks/CREW/Crew/data/npcs.csv.
2026-04-04 21:15:09,221 - root - INFO - Status: Ready - Auto-imported 74 modules (45 failed)
2026-04-04 21:16:18,646 - root - INFO - Status: Auto-importing workspace modules...
2026-04-04 21:16:18,647 - root - INFO - Using cached auto-import results
2026-04-04 21:16:18,657 - root - INFO - Status: Loading default data from /home/me/Notebooks/CREW/Crew/data/npcs.csv...
2026-04-04 21:16:18,735 - root - INFO - Status: Loaded 63 records from /home/me/Notebooks/CREW/Crew/data/npcs.csv.
2026-04-04 21:16:18,759 - root - INFO - Status: Ready - Auto-imported 74 modules (45 failed)
2026-04-04 21:17:44,706 - root - INFO - Status: Auto-importing workspace modules...
2026-04-04 21:17:44,707 - root - INFO - Using cached auto-import results
2026-04-04 21:17:44,722 - root - INFO - Status: Loading default data from /home/me/Notebooks/CREW/Crew/data/npcs.csv...
2026-04-04 21:17:44,775 - root - INFO - Status: Loaded 63 records from /home/me/Notebooks/CREW/Crew/data/npcs.csv.
2026-04-04 21:17:44,787 - root - INFO - Status: Ready - Auto-imported 74 modules (45 failed)
2026-04-04 21:21:13,718 - root - INFO - Status: Auto-importing workspace modules...
2026-04-04 21:21:15,994 - root - INFO - Auto-imported 74 modules successfully
2026-04-04 21:21:15,994 - root - INFO - Skipped 45 modules (expected for script files)
2026-04-04 21:21:15,994 - root - INFO - Auto-import summary: 74 imported, 45 failed, 23186 skipped, 23305 total files processed
2026-04-04 21:21:16,000 - root - INFO - Status: Loading default data from /home/me/Notebooks/CREW/Crew/data/npcs.csv...
2026-04-04 21:21:16,084 - root - INFO - Status: Loaded 63 records from /home/me/Notebooks/CREW/Crew/data/npcs.csv.
2026-04-04 21:21:16,154 - root - INFO - Status: Ready - Auto-imported 74 modules (45 failed)
2026-04-04 21:32:02,285 - root - INFO - Status: Auto-importing workspace modules...
2026-04-04 21:32:13,930 - root - INFO - Auto-imported 74 modules successfully
2026-04-04 21:32:13,930 - root - INFO - Skipped 45 modules (expected for script files)
2026-04-04 21:32:13,930 - root - INFO - Auto-import summary: 74 imported, 45 failed, 23186 skipped, 23305 total files processed
2026-04-04 21:32:13,941 - root - INFO - Status: Loading default data from /home/me/Notebooks/CREW/Crew/data/npcs.csv...
2026-04-04 21:32:14,077 - root - INFO - Status: Loaded 63 records from /home/me/Notebooks/CREW/Crew/data/npcs.csv.
2026-04-04 21:32:14,078 - root - INFO - Status: Ready - Auto-imported 74 modules (45 failed)
2026-04-05 13:13:16,204 - root - INFO - Status: Auto-importing workspace modules...
2026-04-05 13:13:16,207 - root - INFO - Using cached auto-import results
2026-04-05 13:13:16,213 - root - INFO - Status: Loading default data from /home/me/Notebooks/CREW/Crew/data/npcs.csv...
2026-04-05 13:13:16,403 - root - INFO - Status: Loaded 63 records from /home/me/Notebooks/CREW/Crew/data/npcs.csv.
2026-04-05 13:13:16,428 - root - INFO - Status: Ready - Auto-imported 74 modules (45 failed)
2026-04-05 13:13:50,331 - root - INFO - Status: Auto-importing workspace modules...
2026-04-05 13:13:50,332 - root - INFO - Using cached auto-import results
2026-04-05 13:13:50,346 - root - INFO - Status: Loading default data from /home/me/Notebooks/CREW/Crew/data/npcs.csv...
2026-04-05 13:13:50,632 - root - INFO - Status: Loaded 63 records from /home/me/Notebooks/CREW/Crew/data/npcs.csv.
2026-04-05 13:13:50,656 - root - INFO - Status: Ready - Auto-imported 74 modules (45 failed)
2026-04-05 13:34:23,735 - root - INFO - Status: Auto-importing workspace modules...
2026-04-05 13:34:46,796 - root - INFO - Auto-imported 74 modules successfully
2026-04-05 13:34:46,796 - root - INFO - Skipped 45 modules (expected for script files)
2026-04-05 13:34:46,797 - root - INFO - Auto-import summary: 74 imported, 45 failed, 23186 skipped, 23305 total files processed
2026-04-05 13:34:46,862 - root - INFO - Status: Loading default data from /home/me/Notebooks/CREW/Crew/data/npcs.csv...
2026-04-05 13:34:47,221 - root - INFO - Status: Loaded 63 records from /home/me/Notebooks/CREW/Crew/data/npcs.csv.
2026-04-05 13:34:47,226 - root - INFO - Status: Ready - Auto-imported 74 modules (45 failed)
2026-04-07 14:28:54,357 - root - INFO - Status: Auto-importing workspace modules...
2026-04-07 14:28:59,675 - root - INFO - Auto-imported 94 modules successfully
2026-04-07 14:28:59,675 - root - INFO - Skipped 27 modules (expected for script files)
2026-04-07 14:28:59,675 - root - INFO - Auto-import summary: 94 imported, 27 failed, 7574 skipped, 7695 total files processed
2026-04-07 14:28:59,684 - root - INFO - Status: Loading default data from /home/me/Notebooks/CREW/Crew/data/npcs.csv...
2026-04-07 14:28:59,856 - root - INFO - Status: Loaded 63 records from /home/me/Notebooks/CREW/Crew/data/npcs.csv.
2026-04-07 14:28:59,860 - root - INFO - Status: Ready - Auto-imported 94 modules (27 failed)
2026-04-07 14:29:35,815 - root - INFO - Status: Auto-importing workspace modules...
2026-04-07 14:29:35,816 - root - INFO - Using cached auto-import results
2026-04-07 14:29:35,843 - root - INFO - Status: Loading default data from /home/me/Notebooks/CREW/Crew/data/npcs.csv...
2026-04-07 14:29:35,934 - root - INFO - Status: Loaded 63 records from /home/me/Notebooks/CREW/Crew/data/npcs.csv.
2026-04-07 14:29:35,951 - root - INFO - Status: Ready - Auto-imported 94 modules (27 failed)
2026-04-07 14:30:12,743 - root - INFO - Starting TTS playback for selection.
2026-04-07 14:30:28,837 - root - INFO - TTS playback completed for selection.
2026-04-07 14:34:35,872 - root - INFO - Status: Auto-importing workspace modules...
2026-04-07 14:34:36,921 - root - INFO - Auto-imported 94 modules successfully
2026-04-07 14:34:36,921 - root - INFO - Skipped 27 modules (expected for script files)
2026-04-07 14:34:36,922 - root - INFO - Auto-import summary: 94 imported, 27 failed, 7623 skipped, 7744 total files processed
2026-04-07 14:34:36,924 - root - INFO - Status: Loading default data from /home/me/Notebooks/CREW/Crew/data/npcs.csv...
2026-04-07 14:34:37,022 - root - INFO - Status: Loaded 63 records from /home/me/Notebooks/CREW/Crew/data/npcs.csv.
2026-04-07 14:34:37,043 - root - INFO - Status: Ready - Auto-imported 94 modules (27 failed)
2026-04-07 14:34:59,910 - root - INFO - Status: Listening for dictation...
2026-04-07 14:34:59,921 - root - ERROR - Status error: ❌ Dictation error: SpeechRecognition not available. Install speechrecognition and pyaudio.
2026-04-07 14:35:13,048 - root - INFO - Status: Listening for transcription...
2026-04-07 14:35:13,054 - root - ERROR - Status error: ❌ Transcription error: SpeechRecognition not available. Install speechrecognition and pyaudio.
2026-04-07 15:10:05,520 - root - INFO - Status: Auto-importing workspace modules...
2026-04-07 15:10:06,887 - root - INFO - Auto-imported 94 modules successfully
2026-04-07 15:10:06,887 - root - INFO - Skipped 27 modules (expected for script files)
2026-04-07 15:10:06,887 - root - INFO - Auto-import summary: 94 imported, 27 failed, 9339 skipped, 9460 total files processed
2026-04-07 15:10:06,890 - root - INFO - Status: Loading default data from /home/me/Notebooks/CREW/Crew/data/npcs.csv...
2026-04-07 15:10:07,001 - root - INFO - Status: Loaded 63 records from /home/me/Notebooks/CREW/Crew/data/npcs.csv.
2026-04-07 15:10:07,005 - root - INFO - Status: Ready - Auto-imported 94 modules (27 failed)
2026-04-07 15:10:28,037 - root - INFO - Status: Listening for dictation...
2026-04-07 15:10:35,208 - root - INFO - Status: Dictation complete.
2026-04-07 17:46:16,946 - root - INFO - Status: Auto-importing workspace modules...
2026-04-07 17:46:20,205 - root - INFO - Auto-imported 95 modules successfully
2026-04-07 17:46:20,205 - root - INFO - Skipped 28 modules (expected for script files)
2026-04-07 17:46:20,205 - root - INFO - Auto-import summary: 95 imported, 28 failed, 8574 skipped, 8697 total files processed
2026-04-07 17:46:20,232 - root - INFO - Status: Loading default data from /home/me/Notebooks/CREW/Crew/data/npcs.csv...
2026-04-07 17:46:20,352 - root - INFO - Status: Loaded 63 records from /home/me/Notebooks/CREW/Crew/data/npcs.csv.
2026-04-07 17:46:20,370 - root - INFO - Status: Ready - Auto-imported 95 modules (28 failed)
2026-04-07 17:48:30,533 - root - INFO - Attempting to set female voice
2026-04-07 17:48:30,572 - config - WARNING - Attempting to set an unknown configuration key: 'tts_settings'. This key is not validated.
2026-04-07 17:48:30,586 - config - INFO - Configuration saved to config.json
2026-04-07 17:48:30,587 - root - INFO - TTS settings saved successfully
2026-04-07 17:48:30,627 - root - INFO - Status: Speech settings applied successfully
2026-04-07 17:48:50,230 - root - INFO - Starting TTS playback for all details.
2026-04-07 17:49:03,750 - root - INFO - TTS playback completed for all details.
2026-04-07 17:49:31,432 - root - INFO - Starting TTS playback for all details.
2026-04-07 17:49:44,947 - root - INFO - TTS playback completed for all details.
2026-04-07 17:49:52,172 - root - INFO - Status: Listening for dictation...
2026-04-07 17:49:56,049 - root - INFO - Status: Dictation complete.
2026-04-07 17:50:31,831 - root - INFO - Status: Listening for transcription...
2026-04-07 17:50:45,129 - root - INFO - Status: Listening for transcription...
2026-04-07 17:50:53,085 - root - INFO - Status: Listening for dictation...
2026-04-07 17:51:06,166 - root - INFO - Status: Listening for transcription...
2026-04-07 17:51:11,596 - root - INFO - Status: Listening for transcription...
2026-04-07 17:51:20,125 - root - INFO - Starting TTS playback for status.
2026-04-07 17:51:21,982 - root - INFO - TTS playback completed for status.
2026-04-07 17:51:42,177 - root - INFO - Status: Listening for dictation...
2026-04-07 17:51:45,233 - root - INFO - Status: Listening for transcription...
