
2026-04-20 10:56:42,055 - __main__ - INFO - Main application script started.
2026-04-20 10:56:42,116 - utils - INFO - Logged progress: Started Crew main application script.
2026-04-20 10:58:54,492 - root - INFO - Status: Auto-importing workspace modules...
2026-04-20 13:54:13,337 - __main__ - INFO - Main application script started.
2026-04-20 13:54:13,376 - utils - INFO - Logged progress: Started Crew main application script.
2026-04-20 13:54:35,221 - root - INFO - Status: Auto-importing workspace modules...
2026-04-20 13:54:53,697 - root - INFO - Auto-imported 1647 modules successfully
2026-04-20 13:54:53,697 - root - INFO - Skipped 72 modules (expected for script files)
2026-04-20 13:54:53,697 - root - INFO - Auto-import summary: 1647 imported, 72 failed, 4592 skipped, 6311 total files processed
2026-04-20 13:54:53,757 - root - INFO - Status: Loading default data from /home/me/Notebooks/CREW/Crew/data/npcs.csv...
2026-04-20 13:54:53,871 - root - INFO - Status: Loaded 63 records from /home/me/Notebooks/CREW/Crew/data/npcs.csv.
2026-04-20 13:54:53,886 - root - INFO - Status: Ready - Auto-imported 1647 modules (72 failed)
2026-04-20 13:54:53,886 - utils - INFO - Logged progress: Started Crew GUI application.
2026-04-20 13:55:15,331 - root - INFO - Updating script menu as it is about to be displayed...
2026-04-20 13:55:26,932 - root - INFO - Status: Filtered data. Displaying 2 records.
2026-04-20 13:55:41,634 - root - INFO - Status: Filters cleared
2026-04-20 13:56:13,130 - root - INFO - Status: Fetching documentation via ReadMine...
2026-04-20 13:56:37,637 - utils - INFO - ----------------------------------------
2026-04-20 13:56:37,639 - __main__ - INFO - Main application script finished.
2026-04-20 16:28:28,586 - __main__ - INFO - Main application script started.
2026-04-20 16:28:28,716 - utils - INFO - Logged progress: Started Crew main application script.
2026-04-20 16:28:52,485 - root - INFO - Status: Auto-importing workspace modules...
2026-04-20 16:30:31,144 - root - WARNING - Failed to auto-import /home/me/Notebooks/CREW/NOTEBOOKS/travellermap_api_advanced.py: 'Alg'
2026-04-20 16:31:36,948 - root - INFO - Auto-imported 1773 modules successfully
2026-04-20 16:31:36,948 - root - INFO - Skipped 5 modules (expected for script files)
2026-04-20 16:31:36,948 - root - INFO - Auto-import summary: 1773 imported, 5 failed, 4670 skipped, 6448 total files processed
2026-04-20 16:31:38,917 - root - INFO - Status: Loading default data from /home/me/Notebooks/CREW/Crew/data/npcs.csv...
2026-04-20 16:31:39,482 - root - INFO - Status: Loaded 63 records from /home/me/Notebooks/CREW/Crew/data/npcs.csv.
2026-04-20 16:31:39,498 - root - INFO - Status: Ready - Auto-imported 1773 modules (5 failed)
2026-04-20 16:31:39,498 - utils - INFO - Logged progress: Started Crew GUI application.
2026-04-20 16:33:24,540 - CrewMessageRouter - INFO - Message from Bot to ['All']: Welcome to Crew Chat! Start your conversation below. 
2026-04-20 16:34:49,394 - audio_manager - INFO - Attempting to start recording: device=2 (index=2), output=/home/me/Notebooks/CREW/recording.wav, channels=1, rate=48000
2026-04-20 16:34:49,471 - audio_manager - INFO - Recording started successfully with channels=1, rate=48000
2026-04-20 16:34:49,474 - root - INFO - Status: Recording from: USB Composite Device: Audio (hw:2,0)... (Stop to finish)
2026-04-20 16:35:13,254 - audio_manager - INFO - Audio file saved: /home/me/Notebooks/CREW/recording.wav -> /home/me/Notebooks/CREW/recording.wav
2026-04-20 16:35:13,256 - root - INFO - Status: Recording saved as: /home/me/Notebooks/CREW/recording.wav
2026-04-20 16:35:22,877 - root - INFO - Status: Loaded audio: recording.wav
2026-04-20 16:35:35,843 - utils - INFO - ----------------------------------------
2026-04-20 16:35:35,844 - __main__ - INFO - Main application script finished.
2026-04-20 16:41:06,698 - __main__ - INFO - Main application script started.
2026-04-20 16:41:06,698 - utils - INFO - Logged progress: Started Crew main application script.
2026-04-20 16:41:32,817 - root - INFO - Status: Auto-importing workspace modules...
2026-04-20 16:42:11,081 - __main__ - INFO - Main application script started.
2026-04-20 16:42:11,082 - utils - INFO - Logged progress: Started Crew main application script.
2026-04-20 16:42:22,980 - root - INFO - Status: Auto-importing workspace modules...
2026-04-20 16:43:07,791 - root - WARNING - Failed to auto-import /home/me/Notebooks/CREW/NOTEBOOKS/travellermap_api_advanced.py: 'Alg'
2026-04-20 16:43:10,181 - root - INFO - Auto-imported 1773 modules successfully
2026-04-20 16:43:10,181 - root - INFO - Skipped 5 modules (expected for script files)
2026-04-20 16:43:10,181 - root - INFO - Auto-import summary: 1773 imported, 5 failed, 4670 skipped, 6448 total files processed
2026-04-20 16:43:10,349 - root - INFO - Status: Loading default data from /home/me/Notebooks/CREW/Crew/data/npcs.csv...
2026-04-20 16:43:10,485 - root - INFO - Status: Loaded 63 records from /home/me/Notebooks/CREW/Crew/data/npcs.csv.
2026-04-20 16:43:10,490 - root - INFO - Status: Ready - Auto-imported 1773 modules (5 failed)
2026-04-20 16:43:10,491 - utils - INFO - Logged progress: Started Crew GUI application.
2026-04-20 17:27:29,248 - __main__ - INFO - Main application script started.
2026-04-20 17:27:29,285 - utils - INFO - Logged progress: Started Crew main application script.
2026-04-20 17:27:32,497 - root - INFO - Status: Auto-importing workspace modules...
2026-04-20 17:28:00,273 - root - WARNING - Failed to auto-import /home/me/Notebooks/CREW/NOTEBOOKS/travellermap_api_advanced.py: 'Alg'
2026-04-20 17:28:04,806 - root - INFO - Auto-imported 1773 modules successfully
2026-04-20 17:28:04,806 - root - INFO - Skipped 5 modules (expected for script files)
2026-04-20 17:28:04,806 - root - INFO - Auto-import summary: 1773 imported, 5 failed, 4670 skipped, 6448 total files processed
2026-04-20 17:28:04,817 - root - INFO - Status: Loading default data from /home/me/Notebooks/CREW/Crew/data/npcs.csv...
2026-04-20 17:28:04,930 - root - INFO - Status: Loaded 63 records from /home/me/Notebooks/CREW/Crew/data/npcs.csv.
2026-04-20 17:28:04,935 - root - INFO - Status: Ready - Auto-imported 1773 modules (5 failed)
2026-04-20 17:28:04,977 - utils - INFO - Logged progress: Started Crew GUI application.
2026-04-20 17:28:09,372 - utils - INFO - ----------------------------------------
2026-04-20 17:28:09,373 - __main__ - INFO - Main application script finished.
2026-04-20 18:09:54,396 - __main__ - INFO - Main application script started.
2026-04-20 18:09:54,564 - utils - INFO - Logged progress: Started Crew main application script.
2026-04-20 20:19:37,506 - __main__ - INFO - Main application script started.
2026-04-20 20:19:38,098 - utils - INFO - Logged progress: Started Crew main application script.
